\o /dev/null
\ir include/create_single_db.sql
SET client_min_messages = WARNING;
DROP DATABASE IF EXISTS single;
SET client_min_messages = NOTICE;
CREATE DATABASE single;
\c single
CREATE EXTENSION IF NOT EXISTS timescaledb;
\o
\ir include/ddl_ops_1.sql
CREATE TABLE PUBLIC."Hypertable_1" (
  time BIGINT NOT NULL,
  "Device_id" TEXT NOT NULL,
  temp_c int NOT NULL DEFAULT -1,
  humidity numeric NULL DEFAULT 0,
  sensor_1 NUMERIC NULL DEFAULT 1,
  sensor_2 NUMERIC NOT NULL DEFAULT 1,
  sensor_3 NUMERIC NOT NULL DEFAULT 1,
  sensor_4 NUMERIC NOT NULL DEFAULT 1
);
CREATE INDEX ON PUBLIC."Hypertable_1" (time, "Device_id");
\set ON_ERROR_STOP 0
CREATE SCHEMA IF NOT EXISTS "customSchema";
\set ON_ERROR_STOP 1
CREATE TABLE "customSchema"."Hypertable_1" (
  time BIGINT NOT NULL,
  "Device_id" TEXT NOT NULL,
  temp_c int NOT NULL DEFAULT -1,
  humidity numeric NULL DEFAULT 0,
  sensor_1 NUMERIC NULL DEFAULT 1,
  sensor_2 NUMERIC NOT NULL DEFAULT 1,
  sensor_3 NUMERIC NOT NULL DEFAULT 1,
  sensor_4 NUMERIC NOT NULL DEFAULT 1
);
CREATE INDEX ON "customSchema"."Hypertable_1" (time, "Device_id");
SELECT * FROM create_hypertable('"public"."Hypertable_1"', 'time', 'Device_id', 1);
 create_hypertable 
-------------------
 
(1 row)

SELECT * FROM create_hypertable('"customSchema"."Hypertable_1"', 'time', NULL, 1);
 create_hypertable 
-------------------
 
(1 row)

SELECT * FROM _timescaledb_catalog.hypertable;
 id | schema_name  |  table_name  | associated_schema_name | associated_table_prefix | num_dimensions 
----+--------------+--------------+------------------------+-------------------------+----------------
  1 | public       | Hypertable_1 | _timescaledb_internal  | _hyper_1                |              2
  2 | customSchema | Hypertable_1 | _timescaledb_internal  | _hyper_2                |              1
(2 rows)

SELECT * FROM _timescaledb_catalog.hypertable_index;
 hypertable_id | main_schema_name |         main_index_name         |                                      definition                                      
---------------+------------------+---------------------------------+--------------------------------------------------------------------------------------
             1 | public           | Hypertable_1_time_Device_id_idx | CREATE INDEX /*INDEX_NAME*/ ON /*TABLE_NAME*/ USING btree ("time", "Device_id")
             1 | public           | Hypertable_1_time_idx           | CREATE INDEX /*INDEX_NAME*/ ON /*TABLE_NAME*/ USING btree ("time" DESC)
             1 | public           | Hypertable_1_Device_id_time_idx | CREATE INDEX /*INDEX_NAME*/ ON /*TABLE_NAME*/ USING btree ("Device_id", "time" DESC)
             2 | customSchema     | Hypertable_1_time_Device_id_idx | CREATE INDEX /*INDEX_NAME*/ ON /*TABLE_NAME*/ USING btree ("time", "Device_id")
             2 | customSchema     | Hypertable_1_time_idx           | CREATE INDEX /*INDEX_NAME*/ ON /*TABLE_NAME*/ USING btree ("time" DESC)
(5 rows)

CREATE INDEX ON PUBLIC."Hypertable_1" (time, "temp_c");
CREATE INDEX "ind_humidity" ON PUBLIC."Hypertable_1" (time, "humidity");
CREATE INDEX "ind_sensor_1" ON PUBLIC."Hypertable_1" (time, "sensor_1");
INSERT INTO PUBLIC."Hypertable_1"(time, "Device_id", temp_c, humidity, sensor_1, sensor_2, sensor_3, sensor_4)
VALUES(1257894000000000000, 'dev1', 30, 70, 1, 2, 3, 100);
CREATE UNIQUE INDEX "Unique1" ON PUBLIC."Hypertable_1" (time, "Device_id");
CREATE UNIQUE INDEX "Unique1" ON "customSchema"."Hypertable_1" (time);
INSERT INTO "customSchema"."Hypertable_1"(time, "Device_id", temp_c, humidity, sensor_1, sensor_2, sensor_3, sensor_4)
VALUES(1257894000000000000, 'dev1', 30, 70, 1, 2, 3, 100);
INSERT INTO "customSchema"."Hypertable_1"(time, "Device_id", temp_c, humidity, sensor_1, sensor_2, sensor_3, sensor_4)
VALUES(1257894000000000001, 'dev1', 30, 70, 1, 2, 3, 100);
SELECT * FROM _timescaledb_catalog.hypertable_index;
 hypertable_id | main_schema_name |         main_index_name         |                                       definition                                       
---------------+------------------+---------------------------------+----------------------------------------------------------------------------------------
             1 | public           | Hypertable_1_time_Device_id_idx | CREATE INDEX /*INDEX_NAME*/ ON /*TABLE_NAME*/ USING btree ("time", "Device_id")
             1 | public           | Hypertable_1_time_idx           | CREATE INDEX /*INDEX_NAME*/ ON /*TABLE_NAME*/ USING btree ("time" DESC)
             1 | public           | Hypertable_1_Device_id_time_idx | CREATE INDEX /*INDEX_NAME*/ ON /*TABLE_NAME*/ USING btree ("Device_id", "time" DESC)
             2 | customSchema     | Hypertable_1_time_Device_id_idx | CREATE INDEX /*INDEX_NAME*/ ON /*TABLE_NAME*/ USING btree ("time", "Device_id")
             2 | customSchema     | Hypertable_1_time_idx           | CREATE INDEX /*INDEX_NAME*/ ON /*TABLE_NAME*/ USING btree ("time" DESC)
             1 | public           | Hypertable_1_time_temp_c_idx    | CREATE INDEX /*INDEX_NAME*/ ON /*TABLE_NAME*/ USING btree ("time", temp_c)
             1 | public           | ind_humidity                    | CREATE INDEX /*INDEX_NAME*/ ON /*TABLE_NAME*/ USING btree ("time", humidity)
             1 | public           | ind_sensor_1                    | CREATE INDEX /*INDEX_NAME*/ ON /*TABLE_NAME*/ USING btree ("time", sensor_1)
             1 | public           | Unique1                         | CREATE UNIQUE INDEX /*INDEX_NAME*/ ON /*TABLE_NAME*/ USING btree ("time", "Device_id")
             2 | customSchema     | Unique1                         | CREATE UNIQUE INDEX /*INDEX_NAME*/ ON /*TABLE_NAME*/ USING btree ("time")
(10 rows)

--expect error cases
\set ON_ERROR_STOP 0
INSERT INTO "customSchema"."Hypertable_1"(time, "Device_id", temp_c, humidity, sensor_1, sensor_2, sensor_3, sensor_4)
VALUES(1257894000000000000, 'dev1', 31, 71, 72, 4, 1, 102);
psql:include/ddl_ops_1.sql:57: ERROR:  duplicate key value violates unique constraint "10-Unique1"
CREATE UNIQUE INDEX "Unique2" ON PUBLIC."Hypertable_1" ("Device_id");
psql:include/ddl_ops_1.sql:58: ERROR:  Cannot create a unique index without the column: time (used in partitioning)
CREATE UNIQUE INDEX "Unique2" ON PUBLIC."Hypertable_1" (time);
psql:include/ddl_ops_1.sql:59: ERROR:  Cannot create a unique index without the column: Device_id (used in partitioning)
CREATE UNIQUE INDEX "Unique2" ON PUBLIC."Hypertable_1" (sensor_1);
psql:include/ddl_ops_1.sql:60: ERROR:  Cannot create a unique index without the column: time (used in partitioning)
UPDATE ONLY PUBLIC."Hypertable_1" SET time = 0 WHERE TRUE;
DELETE FROM ONLY PUBLIC."Hypertable_1" WHERE "Device_id" = 'dev1';
\set ON_ERROR_STOP 1
CREATE TABLE my_ht (time bigint, val integer);
SELECT * FROM create_hypertable('my_ht', 'time');
 create_hypertable 
-------------------
 
(1 row)

ALTER TABLE my_ht ADD COLUMN val2 integer;
\d my_ht
     Table "public.my_ht"
 Column |  Type   | Modifiers 
--------+---------+-----------
 time   | bigint  | 
 val    | integer | 
 val2   | integer | 
Indexes:
    "my_ht_time_idx" btree ("time" DESC)
Triggers:
    _timescaledb_main_after_insert_trigger AFTER INSERT ON my_ht FOR EACH STATEMENT EXECUTE PROCEDURE _timescaledb_internal.main_table_after_insert_trigger()
    _timescaledb_main_insert_trigger BEFORE INSERT ON my_ht FOR EACH ROW EXECUTE PROCEDURE _timescaledb_internal.main_table_insert_trigger()

-- Should error when adding again
\set ON_ERROR_STOP 0
ALTER TABLE my_ht ADD COLUMN val2 integer;
psql:include/ddl_ops_1.sql:73: ERROR:  column "val2" of relation "my_ht" already exists
\set ON_ERROR_STOP 1
-- Should create 
ALTER TABLE my_ht ADD COLUMN IF NOT EXISTS val3 integer;
\d my_ht
     Table "public.my_ht"
 Column |  Type   | Modifiers 
--------+---------+-----------
 time   | bigint  | 
 val    | integer | 
 val2   | integer | 
 val3   | integer | 
Indexes:
    "my_ht_time_idx" btree ("time" DESC)
Triggers:
    _timescaledb_main_after_insert_trigger AFTER INSERT ON my_ht FOR EACH STATEMENT EXECUTE PROCEDURE _timescaledb_internal.main_table_after_insert_trigger()
    _timescaledb_main_insert_trigger BEFORE INSERT ON my_ht FOR EACH ROW EXECUTE PROCEDURE _timescaledb_internal.main_table_insert_trigger()

-- Should skip and not error
ALTER TABLE my_ht ADD COLUMN IF NOT EXISTS val3 integer;
psql:include/ddl_ops_1.sql:81: NOTICE:  column "val3" of relation "my_ht" already exists, skipping
\d my_ht
     Table "public.my_ht"
 Column |  Type   | Modifiers 
--------+---------+-----------
 time   | bigint  | 
 val    | integer | 
 val2   | integer | 
 val3   | integer | 
Indexes:
    "my_ht_time_idx" btree ("time" DESC)
Triggers:
    _timescaledb_main_after_insert_trigger AFTER INSERT ON my_ht FOR EACH STATEMENT EXECUTE PROCEDURE _timescaledb_internal.main_table_after_insert_trigger()
    _timescaledb_main_insert_trigger BEFORE INSERT ON my_ht FOR EACH ROW EXECUTE PROCEDURE _timescaledb_internal.main_table_insert_trigger()

-- Should drop
ALTER TABLE my_ht DROP COLUMN IF EXISTS val3;
\d my_ht
     Table "public.my_ht"
 Column |  Type   | Modifiers 
--------+---------+-----------
 time   | bigint  | 
 val    | integer | 
 val2   | integer | 
Indexes:
    "my_ht_time_idx" btree ("time" DESC)
Triggers:
    _timescaledb_main_after_insert_trigger AFTER INSERT ON my_ht FOR EACH STATEMENT EXECUTE PROCEDURE _timescaledb_internal.main_table_after_insert_trigger()
    _timescaledb_main_insert_trigger BEFORE INSERT ON my_ht FOR EACH ROW EXECUTE PROCEDURE _timescaledb_internal.main_table_insert_trigger()

-- Should skip and not error
ALTER TABLE my_ht DROP COLUMN IF EXISTS val3;
psql:include/ddl_ops_1.sql:89: NOTICE:  column "val3" of relation "my_ht" does not exist, skipping
\d my_ht
     Table "public.my_ht"
 Column |  Type   | Modifiers 
--------+---------+-----------
 time   | bigint  | 
 val    | integer | 
 val2   | integer | 
Indexes:
    "my_ht_time_idx" btree ("time" DESC)
Triggers:
    _timescaledb_main_after_insert_trigger AFTER INSERT ON my_ht FOR EACH STATEMENT EXECUTE PROCEDURE _timescaledb_internal.main_table_after_insert_trigger()
    _timescaledb_main_insert_trigger BEFORE INSERT ON my_ht FOR EACH ROW EXECUTE PROCEDURE _timescaledb_internal.main_table_insert_trigger()

--default indexes--
--both created
BEGIN;
CREATE TABLE PUBLIC."Hypertable_1_with_default_index_enabled" (
  "Time" BIGINT NOT NULL,
  "Device_id" TEXT NOT NULL,
  sensor_1 NUMERIC NULL DEFAULT 1
);
SELECT * FROM create_hypertable('"public"."Hypertable_1_with_default_index_enabled"', 'Time', 'Device_id', 1);
 create_hypertable 
-------------------
 
(1 row)

\d+ "Hypertable_1_with_default_index_enabled"
         Table "public.Hypertable_1_with_default_index_enabled"
  Column   |  Type   | Modifiers | Storage  | Stats target | Description 
-----------+---------+-----------+----------+--------------+-------------
 Time      | bigint  | not null  | plain    |              | 
 Device_id | text    | not null  | extended |              | 
 sensor_1  | numeric | default 1 | main     |              | 
Indexes:
    "Hypertable_1_with_default_index_enabled_Device_id_Time_idx" btree ("Device_id", "Time" DESC)
    "Hypertable_1_with_default_index_enabled_Time_idx" btree ("Time" DESC)
Triggers:
    _timescaledb_main_after_insert_trigger AFTER INSERT ON "Hypertable_1_with_default_index_enabled" FOR EACH STATEMENT EXECUTE PROCEDURE _timescaledb_internal.main_table_after_insert_trigger()
    _timescaledb_main_insert_trigger BEFORE INSERT ON "Hypertable_1_with_default_index_enabled" FOR EACH ROW EXECUTE PROCEDURE _timescaledb_internal.main_table_insert_trigger()

ROLLBACK;
--only time
BEGIN;
CREATE TABLE PUBLIC."Hypertable_1_with_default_index_enabled" (
  "Time" BIGINT NOT NULL,
  "Device_id" TEXT NOT NULL,
  sensor_1 NUMERIC NULL DEFAULT 1
);
CREATE INDEX ON PUBLIC."Hypertable_1_with_default_index_enabled" ("Device_id", "Time" DESC);
SELECT * FROM create_hypertable('"public"."Hypertable_1_with_default_index_enabled"', 'Time', 'Device_id', 1);
 create_hypertable 
-------------------
 
(1 row)

\d+ "Hypertable_1_with_default_index_enabled"
         Table "public.Hypertable_1_with_default_index_enabled"
  Column   |  Type   | Modifiers | Storage  | Stats target | Description 
-----------+---------+-----------+----------+--------------+-------------
 Time      | bigint  | not null  | plain    |              | 
 Device_id | text    | not null  | extended |              | 
 sensor_1  | numeric | default 1 | main     |              | 
Indexes:
    "Hypertable_1_with_default_index_enabled_Device_id_Time_idx" btree ("Device_id", "Time" DESC)
    "Hypertable_1_with_default_index_enabled_Time_idx" btree ("Time" DESC)
Triggers:
    _timescaledb_main_after_insert_trigger AFTER INSERT ON "Hypertable_1_with_default_index_enabled" FOR EACH STATEMENT EXECUTE PROCEDURE _timescaledb_internal.main_table_after_insert_trigger()
    _timescaledb_main_insert_trigger BEFORE INSERT ON "Hypertable_1_with_default_index_enabled" FOR EACH ROW EXECUTE PROCEDURE _timescaledb_internal.main_table_insert_trigger()

ROLLBACK;
--only partition
BEGIN;
CREATE TABLE PUBLIC."Hypertable_1_with_default_index_enabled" (
  "Time" BIGINT NOT NULL,
  "Device_id" TEXT NOT NULL,
  sensor_1 NUMERIC NULL DEFAULT 1
);
CREATE INDEX ON PUBLIC."Hypertable_1_with_default_index_enabled" ("Time" DESC);
SELECT * FROM create_hypertable('"public"."Hypertable_1_with_default_index_enabled"', 'Time', 'Device_id', 1);
 create_hypertable 
-------------------
 
(1 row)

\d+ "Hypertable_1_with_default_index_enabled"
         Table "public.Hypertable_1_with_default_index_enabled"
  Column   |  Type   | Modifiers | Storage  | Stats target | Description 
-----------+---------+-----------+----------+--------------+-------------
 Time      | bigint  | not null  | plain    |              | 
 Device_id | text    | not null  | extended |              | 
 sensor_1  | numeric | default 1 | main     |              | 
Indexes:
    "Hypertable_1_with_default_index_enabled_Device_id_Time_idx" btree ("Device_id", "Time" DESC)
    "Hypertable_1_with_default_index_enabled_Time_idx" btree ("Time" DESC)
Triggers:
    _timescaledb_main_after_insert_trigger AFTER INSERT ON "Hypertable_1_with_default_index_enabled" FOR EACH STATEMENT EXECUTE PROCEDURE _timescaledb_internal.main_table_after_insert_trigger()
    _timescaledb_main_insert_trigger BEFORE INSERT ON "Hypertable_1_with_default_index_enabled" FOR EACH ROW EXECUTE PROCEDURE _timescaledb_internal.main_table_insert_trigger()

ROLLBACK;
--null space
BEGIN;
CREATE TABLE PUBLIC."Hypertable_1_with_default_index_enabled" (
  "Time" BIGINT NOT NULL,
  "Device_id" TEXT NOT NULL,
  sensor_1 NUMERIC NULL DEFAULT 1
);
SELECT * FROM create_hypertable('"public"."Hypertable_1_with_default_index_enabled"', 'Time');
 create_hypertable 
-------------------
 
(1 row)

\d+ "Hypertable_1_with_default_index_enabled"
         Table "public.Hypertable_1_with_default_index_enabled"
  Column   |  Type   | Modifiers | Storage  | Stats target | Description 
-----------+---------+-----------+----------+--------------+-------------
 Time      | bigint  | not null  | plain    |              | 
 Device_id | text    | not null  | extended |              | 
 sensor_1  | numeric | default 1 | main     |              | 
Indexes:
    "Hypertable_1_with_default_index_enabled_Time_idx" btree ("Time" DESC)
Triggers:
    _timescaledb_main_after_insert_trigger AFTER INSERT ON "Hypertable_1_with_default_index_enabled" FOR EACH STATEMENT EXECUTE PROCEDURE _timescaledb_internal.main_table_after_insert_trigger()
    _timescaledb_main_insert_trigger BEFORE INSERT ON "Hypertable_1_with_default_index_enabled" FOR EACH ROW EXECUTE PROCEDURE _timescaledb_internal.main_table_insert_trigger()

ROLLBACK;
--disable index creation
BEGIN;
CREATE TABLE PUBLIC."Hypertable_1_with_default_index_enabled" (
  "Time" BIGINT NOT NULL,
  "Device_id" TEXT NOT NULL,
  sensor_1 NUMERIC NULL DEFAULT 1
);
SELECT * FROM create_hypertable('"public"."Hypertable_1_with_default_index_enabled"', 'Time', 'Device_id', 1, create_default_indexes=>FALSE);
 create_hypertable 
-------------------
 
(1 row)

\d+ "Hypertable_1_with_default_index_enabled"
         Table "public.Hypertable_1_with_default_index_enabled"
  Column   |  Type   | Modifiers | Storage  | Stats target | Description 
-----------+---------+-----------+----------+--------------+-------------
 Time      | bigint  | not null  | plain    |              | 
 Device_id | text    | not null  | extended |              | 
 sensor_1  | numeric | default 1 | main     |              | 
Triggers:
    _timescaledb_main_after_insert_trigger AFTER INSERT ON "Hypertable_1_with_default_index_enabled" FOR EACH STATEMENT EXECUTE PROCEDURE _timescaledb_internal.main_table_after_insert_trigger()
    _timescaledb_main_insert_trigger BEFORE INSERT ON "Hypertable_1_with_default_index_enabled" FOR EACH ROW EXECUTE PROCEDURE _timescaledb_internal.main_table_insert_trigger()

ROLLBACK;
SELECT * FROM PUBLIC."Hypertable_1";
        time         | Device_id | temp_c | humidity | sensor_1 | sensor_2 | sensor_3 | sensor_4 
---------------------+-----------+--------+----------+----------+----------+----------+----------
 1257894000000000000 | dev1      |     30 |       70 |        1 |        2 |        3 |      100
(1 row)

EXPLAIN (costs off) SELECT * FROM PUBLIC."Hypertable_1";
             QUERY PLAN             
------------------------------------
 Append
   ->  Seq Scan on "Hypertable_1"
   ->  Seq Scan on _hyper_1_1_chunk
(3 rows)

\ir include/ddl_ops_2.sql
ALTER TABLE PUBLIC."Hypertable_1" ADD COLUMN temp_f INTEGER NOT NULL DEFAULT 31;
ALTER TABLE PUBLIC."Hypertable_1" DROP COLUMN temp_c;
ALTER TABLE PUBLIC."Hypertable_1" DROP COLUMN sensor_4;
ALTER TABLE PUBLIC."Hypertable_1" ALTER COLUMN humidity SET DEFAULT 100;
ALTER TABLE PUBLIC."Hypertable_1" ALTER COLUMN sensor_1 DROP DEFAULT;
ALTER TABLE PUBLIC."Hypertable_1" ALTER COLUMN sensor_2 SET DEFAULT NULL;
ALTER TABLE PUBLIC."Hypertable_1" ALTER COLUMN sensor_1 SET NOT NULL;
ALTER TABLE PUBLIC."Hypertable_1" ALTER COLUMN sensor_2 DROP NOT NULL;
ALTER TABLE PUBLIC."Hypertable_1" RENAME COLUMN sensor_2 TO sensor_2_renamed;
ALTER TABLE PUBLIC."Hypertable_1" RENAME COLUMN sensor_3 TO sensor_3_renamed;
DROP INDEX "ind_sensor_1";
CREATE OR REPLACE FUNCTION empty_trigger_func()
    RETURNS TRIGGER LANGUAGE PLPGSQL AS
$BODY$
BEGIN
END
$BODY$;
CREATE TRIGGER test_trigger BEFORE UPDATE OR DELETE ON PUBLIC."Hypertable_1"
FOR EACH STATEMENT EXECUTE PROCEDURE empty_trigger_func();
--expect error cases
\set ON_ERROR_STOP 0
ALTER TABLE PUBLIC."Hypertable_1" ALTER COLUMN sensor_2_renamed SET DATA TYPE int;
ALTER INDEX "ind_humidity" RENAME TO "ind_humdity2";
psql:include/ddl_ops_2.sql:27: ERROR:  ALTER INDEX not supported on hypertable public."Hypertable_1"
\set ON_ERROR_STOP 1
--create column with same name as previously renamed one
ALTER TABLE PUBLIC."Hypertable_1" ADD COLUMN sensor_3 BIGINT NOT NULL DEFAULT 131;
--create column with same name as previously dropped one
ALTER TABLE PUBLIC."Hypertable_1" ADD COLUMN sensor_4 BIGINT NOT NULL DEFAULT 131;
 
\d+ PUBLIC."Hypertable_1"
                                Table "public.Hypertable_1"
      Column      |  Type   |      Modifiers       | Storage  | Stats target | Description 
------------------+---------+----------------------+----------+--------------+-------------
 time             | bigint  | not null             | plain    |              | 
 Device_id        | text    | not null             | extended |              | 
 humidity         | numeric | default 100          | main     |              | 
 sensor_1         | numeric | not null             | main     |              | 
 sensor_2_renamed | integer |                      | plain    |              | 
 sensor_3_renamed | numeric | not null default 1   | main     |              | 
 temp_f           | integer | not null default 31  | plain    |              | 
 sensor_3         | bigint  | not null default 131 | plain    |              | 
 sensor_4         | bigint  | not null default 131 | plain    |              | 
Indexes:
    "Unique1" UNIQUE, btree ("time", "Device_id")
    "Hypertable_1_Device_id_time_idx" btree ("Device_id", "time" DESC)
    "Hypertable_1_time_Device_id_idx" btree ("time", "Device_id")
    "Hypertable_1_time_idx" btree ("time" DESC)
    "ind_humidity" btree ("time", humidity)
Triggers:
    _timescaledb_main_after_insert_trigger AFTER INSERT ON "Hypertable_1" FOR EACH STATEMENT EXECUTE PROCEDURE _timescaledb_internal.main_table_after_insert_trigger()
    _timescaledb_main_insert_trigger BEFORE INSERT ON "Hypertable_1" FOR EACH ROW EXECUTE PROCEDURE _timescaledb_internal.main_table_insert_trigger()
    test_trigger BEFORE DELETE OR UPDATE ON "Hypertable_1" FOR EACH STATEMENT EXECUTE PROCEDURE empty_trigger_func()
Child tables: _timescaledb_internal._hyper_1_1_chunk

\d+ _timescaledb_internal._hyper_1_1_chunk
                      Table "_timescaledb_internal._hyper_1_1_chunk"
      Column      |  Type   |      Modifiers       | Storage  | Stats target | Description 
------------------+---------+----------------------+----------+--------------+-------------
 time             | bigint  | not null             | plain    |              | 
 Device_id        | text    | not null             | extended |              | 
 humidity         | numeric | default 100          | main     |              | 
 sensor_1         | numeric | not null             | main     |              | 
 sensor_2_renamed | integer |                      | plain    |              | 
 sensor_3_renamed | numeric | not null default 1   | main     |              | 
 temp_f           | integer | not null default 31  | plain    |              | 
 sensor_3         | bigint  | not null default 131 | plain    |              | 
 sensor_4         | bigint  | not null default 131 | plain    |              | 
Indexes:
    "7-Unique1" UNIQUE, btree ("time", "Device_id")
    "1-Hypertable_1_time_Device_id_idx" btree ("time", "Device_id")
    "2-Hypertable_1_time_idx" btree ("time" DESC)
    "3-Hypertable_1_Device_id_time_idx" btree ("Device_id", "time" DESC)
    "5-ind_humidity" btree ("time", humidity)
Check constraints:
    "constraint_1" CHECK ("time" >= '1257892416000000000'::bigint AND "time" < '1257895008000000000'::bigint)
    "constraint_2" CHECK (_timescaledb_internal.get_partition_for_key("Device_id") >= 0 AND _timescaledb_internal.get_partition_for_key("Device_id") < 2147483647)
Inherits: "Hypertable_1"

SELECT * FROM PUBLIC."Hypertable_1";
        time         | Device_id | humidity | sensor_1 | sensor_2_renamed | sensor_3_renamed | temp_f | sensor_3 | sensor_4 
---------------------+-----------+----------+----------+------------------+------------------+--------+----------+----------
 1257894000000000000 | dev1      |       70 |        1 |                2 |                3 |     31 |      131 |      131
(1 row)

