\o /dev/null
\ir include/insert_two_partitions.sql
\ir create_single_db.sql
SET client_min_messages = WARNING;
DROP DATABASE IF EXISTS single;
SET client_min_messages = NOTICE;
CREATE DATABASE single;
\c single
CREATE EXTENSION IF NOT EXISTS timescaledb;
\c single
CREATE TABLE PUBLIC."two_Partitions" (
  "timeCustom" BIGINT NOT NULL,
  device_id TEXT NOT NULL,
  series_0 DOUBLE PRECISION NULL,
  series_1 DOUBLE PRECISION NULL,
  series_2 DOUBLE PRECISION NULL,
  series_bool BOOLEAN NULL
);
CREATE INDEX ON PUBLIC."two_Partitions" (device_id, "timeCustom" DESC NULLS LAST) WHERE device_id IS NOT NULL;
CREATE INDEX ON PUBLIC."two_Partitions" ("timeCustom" DESC NULLS LAST, series_0) WHERE series_0 IS NOT NULL;
CREATE INDEX ON PUBLIC."two_Partitions" ("timeCustom" DESC NULLS LAST, series_1)  WHERE series_1 IS NOT NULL;
CREATE INDEX ON PUBLIC."two_Partitions" ("timeCustom" DESC NULLS LAST, series_2) WHERE series_2 IS NOT NULL;
CREATE INDEX ON PUBLIC."two_Partitions" ("timeCustom" DESC NULLS LAST, series_bool) WHERE series_bool IS NOT NULL;
CREATE INDEX ON PUBLIC."two_Partitions" ("timeCustom" DESC NULLS LAST, device_id);
SELECT * FROM create_hypertable('"public"."two_Partitions"'::regclass, 'timeCustom'::name, 'device_id'::name, associated_schema_name=>'_timescaledb_internal'::text, number_partitions => 2);
\set QUIET off
BEGIN;
\COPY public."two_Partitions" FROM 'data/ds1_dev1_1.tsv' NULL AS '';
COMMIT;
INSERT INTO public."two_Partitions"("timeCustom", device_id, series_0, series_1) VALUES
(1257987600000000000, 'dev1', 1.5, 1),
(1257987600000000000, 'dev1', 1.5, 2),
(1257894000000000000, 'dev2', 1.5, 1),
(1257894002000000000, 'dev1', 2.5, 3);
INSERT INTO "two_Partitions"("timeCustom", device_id, series_0, series_1) VALUES
(1257894000000000000, 'dev2', 1.5, 2);
\set QUIET on
\o
\d+ "_timescaledb_internal".*
Index "_timescaledb_internal.1-two_Partitions_device_id_timeCustom_idx"
   Column   |  Type  |  Definition  | Storage  
------------+--------+--------------+----------
 device_id  | text   | device_id    | extended
 timeCustom | bigint | "timeCustom" | plain
btree, for table "_timescaledb_internal._hyper_1_1_chunk", predicate (device_id IS NOT NULL)

Index "_timescaledb_internal.10-two_Partitions_timeCustom_series_1_idx"
   Column   |       Type       |  Definition  | Storage 
------------+------------------+--------------+---------
 timeCustom | bigint           | "timeCustom" | plain
 series_1   | double precision | series_1     | plain
btree, for table "_timescaledb_internal._hyper_1_2_chunk", predicate (series_1 IS NOT NULL)

Index "_timescaledb_internal.11-two_Partitions_timeCustom_series_2_idx"
   Column   |       Type       |  Definition  | Storage 
------------+------------------+--------------+---------
 timeCustom | bigint           | "timeCustom" | plain
 series_2   | double precision | series_2     | plain
btree, for table "_timescaledb_internal._hyper_1_2_chunk", predicate (series_2 IS NOT NULL)

Index "_timescaledb_internal.12-two_Partitions_timeCustom_series_bool_idx"
   Column    |  Type   |  Definition  | Storage 
-------------+---------+--------------+---------
 timeCustom  | bigint  | "timeCustom" | plain
 series_bool | boolean | series_bool  | plain
btree, for table "_timescaledb_internal._hyper_1_2_chunk", predicate (series_bool IS NOT NULL)

Index "_timescaledb_internal.13-two_Partitions_timeCustom_device_id_idx"
   Column   |  Type  |  Definition  | Storage  
------------+--------+--------------+----------
 timeCustom | bigint | "timeCustom" | plain
 device_id  | text   | device_id    | extended
btree, for table "_timescaledb_internal._hyper_1_2_chunk"

Index "_timescaledb_internal.14-two_Partitions_timeCustom_idx"
   Column   |  Type  |  Definition  | Storage 
------------+--------+--------------+---------
 timeCustom | bigint | "timeCustom" | plain
btree, for table "_timescaledb_internal._hyper_1_2_chunk"

Index "_timescaledb_internal.15-two_Partitions_device_id_timeCustom_idx"
   Column   |  Type  |  Definition  | Storage  
------------+--------+--------------+----------
 device_id  | text   | device_id    | extended
 timeCustom | bigint | "timeCustom" | plain
btree, for table "_timescaledb_internal._hyper_1_3_chunk", predicate (device_id IS NOT NULL)

Index "_timescaledb_internal.16-two_Partitions_timeCustom_series_0_idx"
   Column   |       Type       |  Definition  | Storage 
------------+------------------+--------------+---------
 timeCustom | bigint           | "timeCustom" | plain
 series_0   | double precision | series_0     | plain
btree, for table "_timescaledb_internal._hyper_1_3_chunk", predicate (series_0 IS NOT NULL)

Index "_timescaledb_internal.17-two_Partitions_timeCustom_series_1_idx"
   Column   |       Type       |  Definition  | Storage 
------------+------------------+--------------+---------
 timeCustom | bigint           | "timeCustom" | plain
 series_1   | double precision | series_1     | plain
btree, for table "_timescaledb_internal._hyper_1_3_chunk", predicate (series_1 IS NOT NULL)

Index "_timescaledb_internal.18-two_Partitions_timeCustom_series_2_idx"
   Column   |       Type       |  Definition  | Storage 
------------+------------------+--------------+---------
 timeCustom | bigint           | "timeCustom" | plain
 series_2   | double precision | series_2     | plain
btree, for table "_timescaledb_internal._hyper_1_3_chunk", predicate (series_2 IS NOT NULL)

Index "_timescaledb_internal.19-two_Partitions_timeCustom_series_bool_idx"
   Column    |  Type   |  Definition  | Storage 
-------------+---------+--------------+---------
 timeCustom  | bigint  | "timeCustom" | plain
 series_bool | boolean | series_bool  | plain
btree, for table "_timescaledb_internal._hyper_1_3_chunk", predicate (series_bool IS NOT NULL)

Index "_timescaledb_internal.2-two_Partitions_timeCustom_series_0_idx"
   Column   |       Type       |  Definition  | Storage 
------------+------------------+--------------+---------
 timeCustom | bigint           | "timeCustom" | plain
 series_0   | double precision | series_0     | plain
btree, for table "_timescaledb_internal._hyper_1_1_chunk", predicate (series_0 IS NOT NULL)

Index "_timescaledb_internal.20-two_Partitions_timeCustom_device_id_idx"
   Column   |  Type  |  Definition  | Storage  
------------+--------+--------------+----------
 timeCustom | bigint | "timeCustom" | plain
 device_id  | text   | device_id    | extended
btree, for table "_timescaledb_internal._hyper_1_3_chunk"

Index "_timescaledb_internal.21-two_Partitions_timeCustom_idx"
   Column   |  Type  |  Definition  | Storage 
------------+--------+--------------+---------
 timeCustom | bigint | "timeCustom" | plain
btree, for table "_timescaledb_internal._hyper_1_3_chunk"

Index "_timescaledb_internal.22-two_Partitions_device_id_timeCustom_idx"
   Column   |  Type  |  Definition  | Storage  
------------+--------+--------------+----------
 device_id  | text   | device_id    | extended
 timeCustom | bigint | "timeCustom" | plain
btree, for table "_timescaledb_internal._hyper_1_4_chunk", predicate (device_id IS NOT NULL)

Index "_timescaledb_internal.23-two_Partitions_timeCustom_series_0_idx"
   Column   |       Type       |  Definition  | Storage 
------------+------------------+--------------+---------
 timeCustom | bigint           | "timeCustom" | plain
 series_0   | double precision | series_0     | plain
btree, for table "_timescaledb_internal._hyper_1_4_chunk", predicate (series_0 IS NOT NULL)

Index "_timescaledb_internal.24-two_Partitions_timeCustom_series_1_idx"
   Column   |       Type       |  Definition  | Storage 
------------+------------------+--------------+---------
 timeCustom | bigint           | "timeCustom" | plain
 series_1   | double precision | series_1     | plain
btree, for table "_timescaledb_internal._hyper_1_4_chunk", predicate (series_1 IS NOT NULL)

Index "_timescaledb_internal.25-two_Partitions_timeCustom_series_2_idx"
   Column   |       Type       |  Definition  | Storage 
------------+------------------+--------------+---------
 timeCustom | bigint           | "timeCustom" | plain
 series_2   | double precision | series_2     | plain
btree, for table "_timescaledb_internal._hyper_1_4_chunk", predicate (series_2 IS NOT NULL)

Index "_timescaledb_internal.26-two_Partitions_timeCustom_series_bool_idx"
   Column    |  Type   |  Definition  | Storage 
-------------+---------+--------------+---------
 timeCustom  | bigint  | "timeCustom" | plain
 series_bool | boolean | series_bool  | plain
btree, for table "_timescaledb_internal._hyper_1_4_chunk", predicate (series_bool IS NOT NULL)

Index "_timescaledb_internal.27-two_Partitions_timeCustom_device_id_idx"
   Column   |  Type  |  Definition  | Storage  
------------+--------+--------------+----------
 timeCustom | bigint | "timeCustom" | plain
 device_id  | text   | device_id    | extended
btree, for table "_timescaledb_internal._hyper_1_4_chunk"

Index "_timescaledb_internal.28-two_Partitions_timeCustom_idx"
   Column   |  Type  |  Definition  | Storage 
------------+--------+--------------+---------
 timeCustom | bigint | "timeCustom" | plain
btree, for table "_timescaledb_internal._hyper_1_4_chunk"

Index "_timescaledb_internal.3-two_Partitions_timeCustom_series_1_idx"
   Column   |       Type       |  Definition  | Storage 
------------+------------------+--------------+---------
 timeCustom | bigint           | "timeCustom" | plain
 series_1   | double precision | series_1     | plain
btree, for table "_timescaledb_internal._hyper_1_1_chunk", predicate (series_1 IS NOT NULL)

Index "_timescaledb_internal.4-two_Partitions_timeCustom_series_2_idx"
   Column   |       Type       |  Definition  | Storage 
------------+------------------+--------------+---------
 timeCustom | bigint           | "timeCustom" | plain
 series_2   | double precision | series_2     | plain
btree, for table "_timescaledb_internal._hyper_1_1_chunk", predicate (series_2 IS NOT NULL)

Index "_timescaledb_internal.5-two_Partitions_timeCustom_series_bool_idx"
   Column    |  Type   |  Definition  | Storage 
-------------+---------+--------------+---------
 timeCustom  | bigint  | "timeCustom" | plain
 series_bool | boolean | series_bool  | plain
btree, for table "_timescaledb_internal._hyper_1_1_chunk", predicate (series_bool IS NOT NULL)

Index "_timescaledb_internal.6-two_Partitions_timeCustom_device_id_idx"
   Column   |  Type  |  Definition  | Storage  
------------+--------+--------------+----------
 timeCustom | bigint | "timeCustom" | plain
 device_id  | text   | device_id    | extended
btree, for table "_timescaledb_internal._hyper_1_1_chunk"

Index "_timescaledb_internal.7-two_Partitions_timeCustom_idx"
   Column   |  Type  |  Definition  | Storage 
------------+--------+--------------+---------
 timeCustom | bigint | "timeCustom" | plain
btree, for table "_timescaledb_internal._hyper_1_1_chunk"

Index "_timescaledb_internal.8-two_Partitions_device_id_timeCustom_idx"
   Column   |  Type  |  Definition  | Storage  
------------+--------+--------------+----------
 device_id  | text   | device_id    | extended
 timeCustom | bigint | "timeCustom" | plain
btree, for table "_timescaledb_internal._hyper_1_2_chunk", predicate (device_id IS NOT NULL)

Index "_timescaledb_internal.9-two_Partitions_timeCustom_series_0_idx"
   Column   |       Type       |  Definition  | Storage 
------------+------------------+--------------+---------
 timeCustom | bigint           | "timeCustom" | plain
 series_0   | double precision | series_0     | plain
btree, for table "_timescaledb_internal._hyper_1_2_chunk", predicate (series_0 IS NOT NULL)

                   Table "_timescaledb_internal._hyper_1_1_chunk"
   Column    |       Type       | Modifiers | Storage  | Stats target | Description 
-------------+------------------+-----------+----------+--------------+-------------
 timeCustom  | bigint           | not null  | plain    |              | 
 device_id   | text             | not null  | extended |              | 
 series_0    | double precision |           | plain    |              | 
 series_1    | double precision |           | plain    |              | 
 series_2    | double precision |           | plain    |              | 
 series_bool | boolean          |           | plain    |              | 
Indexes:
    "1-two_Partitions_device_id_timeCustom_idx" btree (device_id, "timeCustom" DESC NULLS LAST) WHERE device_id IS NOT NULL
    "2-two_Partitions_timeCustom_series_0_idx" btree ("timeCustom" DESC NULLS LAST, series_0) WHERE series_0 IS NOT NULL
    "3-two_Partitions_timeCustom_series_1_idx" btree ("timeCustom" DESC NULLS LAST, series_1) WHERE series_1 IS NOT NULL
    "4-two_Partitions_timeCustom_series_2_idx" btree ("timeCustom" DESC NULLS LAST, series_2) WHERE series_2 IS NOT NULL
    "5-two_Partitions_timeCustom_series_bool_idx" btree ("timeCustom" DESC NULLS LAST, series_bool) WHERE series_bool IS NOT NULL
    "6-two_Partitions_timeCustom_device_id_idx" btree ("timeCustom" DESC NULLS LAST, device_id)
    "7-two_Partitions_timeCustom_idx" btree ("timeCustom" DESC)
Check constraints:
    "constraint_1" CHECK ("timeCustom" >= '1257892416000000000'::bigint AND "timeCustom" < '1257895008000000000'::bigint)
    "constraint_2" CHECK (_timescaledb_internal.get_partition_for_key(device_id) >= 1073741823 AND _timescaledb_internal.get_partition_for_key(device_id) < 2147483647)
Inherits: "two_Partitions"

                   Table "_timescaledb_internal._hyper_1_2_chunk"
   Column    |       Type       | Modifiers | Storage  | Stats target | Description 
-------------+------------------+-----------+----------+--------------+-------------
 timeCustom  | bigint           | not null  | plain    |              | 
 device_id   | text             | not null  | extended |              | 
 series_0    | double precision |           | plain    |              | 
 series_1    | double precision |           | plain    |              | 
 series_2    | double precision |           | plain    |              | 
 series_bool | boolean          |           | plain    |              | 
Indexes:
    "10-two_Partitions_timeCustom_series_1_idx" btree ("timeCustom" DESC NULLS LAST, series_1) WHERE series_1 IS NOT NULL
    "11-two_Partitions_timeCustom_series_2_idx" btree ("timeCustom" DESC NULLS LAST, series_2) WHERE series_2 IS NOT NULL
    "12-two_Partitions_timeCustom_series_bool_idx" btree ("timeCustom" DESC NULLS LAST, series_bool) WHERE series_bool IS NOT NULL
    "13-two_Partitions_timeCustom_device_id_idx" btree ("timeCustom" DESC NULLS LAST, device_id)
    "14-two_Partitions_timeCustom_idx" btree ("timeCustom" DESC)
    "8-two_Partitions_device_id_timeCustom_idx" btree (device_id, "timeCustom" DESC NULLS LAST) WHERE device_id IS NOT NULL
    "9-two_Partitions_timeCustom_series_0_idx" btree ("timeCustom" DESC NULLS LAST, series_0) WHERE series_0 IS NOT NULL
Check constraints:
    "constraint_2" CHECK (_timescaledb_internal.get_partition_for_key(device_id) >= 1073741823 AND _timescaledb_internal.get_partition_for_key(device_id) < 2147483647)
    "constraint_3" CHECK ("timeCustom" >= '1257897600000000000'::bigint AND "timeCustom" < '1257900192000000000'::bigint)
Inherits: "two_Partitions"

                   Table "_timescaledb_internal._hyper_1_3_chunk"
   Column    |       Type       | Modifiers | Storage  | Stats target | Description 
-------------+------------------+-----------+----------+--------------+-------------
 timeCustom  | bigint           | not null  | plain    |              | 
 device_id   | text             | not null  | extended |              | 
 series_0    | double precision |           | plain    |              | 
 series_1    | double precision |           | plain    |              | 
 series_2    | double precision |           | plain    |              | 
 series_bool | boolean          |           | plain    |              | 
Indexes:
    "15-two_Partitions_device_id_timeCustom_idx" btree (device_id, "timeCustom" DESC NULLS LAST) WHERE device_id IS NOT NULL
    "16-two_Partitions_timeCustom_series_0_idx" btree ("timeCustom" DESC NULLS LAST, series_0) WHERE series_0 IS NOT NULL
    "17-two_Partitions_timeCustom_series_1_idx" btree ("timeCustom" DESC NULLS LAST, series_1) WHERE series_1 IS NOT NULL
    "18-two_Partitions_timeCustom_series_2_idx" btree ("timeCustom" DESC NULLS LAST, series_2) WHERE series_2 IS NOT NULL
    "19-two_Partitions_timeCustom_series_bool_idx" btree ("timeCustom" DESC NULLS LAST, series_bool) WHERE series_bool IS NOT NULL
    "20-two_Partitions_timeCustom_device_id_idx" btree ("timeCustom" DESC NULLS LAST, device_id)
    "21-two_Partitions_timeCustom_idx" btree ("timeCustom" DESC)
Check constraints:
    "constraint_2" CHECK (_timescaledb_internal.get_partition_for_key(device_id) >= 1073741823 AND _timescaledb_internal.get_partition_for_key(device_id) < 2147483647)
    "constraint_5" CHECK ("timeCustom" >= '1257985728000000000'::bigint AND "timeCustom" < '1257988320000000000'::bigint)
Inherits: "two_Partitions"

                   Table "_timescaledb_internal._hyper_1_4_chunk"
   Column    |       Type       | Modifiers | Storage  | Stats target | Description 
-------------+------------------+-----------+----------+--------------+-------------
 timeCustom  | bigint           | not null  | plain    |              | 
 device_id   | text             | not null  | extended |              | 
 series_0    | double precision |           | plain    |              | 
 series_1    | double precision |           | plain    |              | 
 series_2    | double precision |           | plain    |              | 
 series_bool | boolean          |           | plain    |              | 
Indexes:
    "22-two_Partitions_device_id_timeCustom_idx" btree (device_id, "timeCustom" DESC NULLS LAST) WHERE device_id IS NOT NULL
    "23-two_Partitions_timeCustom_series_0_idx" btree ("timeCustom" DESC NULLS LAST, series_0) WHERE series_0 IS NOT NULL
    "24-two_Partitions_timeCustom_series_1_idx" btree ("timeCustom" DESC NULLS LAST, series_1) WHERE series_1 IS NOT NULL
    "25-two_Partitions_timeCustom_series_2_idx" btree ("timeCustom" DESC NULLS LAST, series_2) WHERE series_2 IS NOT NULL
    "26-two_Partitions_timeCustom_series_bool_idx" btree ("timeCustom" DESC NULLS LAST, series_bool) WHERE series_bool IS NOT NULL
    "27-two_Partitions_timeCustom_device_id_idx" btree ("timeCustom" DESC NULLS LAST, device_id)
    "28-two_Partitions_timeCustom_idx" btree ("timeCustom" DESC)
Check constraints:
    "constraint_1" CHECK ("timeCustom" >= '1257892416000000000'::bigint AND "timeCustom" < '1257895008000000000'::bigint)
    "constraint_8" CHECK (_timescaledb_internal.get_partition_for_key(device_id) >= 0 AND _timescaledb_internal.get_partition_for_key(device_id) < 1073741823)
Inherits: "two_Partitions"

-- Test that renaming hypertable is blocked
\set VERBOSITY default
\set ON_ERROR_STOP 0
ALTER TABLE "two_Partitions" RENAME TO "newname";
ERROR:  Renaming hypertables is not yet supported
\set ON_ERROR_STOP 1
-- Test that renaming ordinary table works
CREATE TABLE renametable (foo int);
ALTER TABLE "renametable" RENAME TO "newname";
SELECT * FROM "newname";
 foo 
-----
(0 rows)

SELECT * FROM _timescaledb_catalog.hypertable;
 id | schema_name |   table_name   | associated_schema_name | associated_table_prefix | num_dimensions 
----+-------------+----------------+------------------------+-------------------------+----------------
  1 | public      | two_Partitions | _timescaledb_internal  | _hyper_1                |              2
(1 row)

DROP TABLE "two_Partitions" CASCADE;
NOTICE:  drop cascades to 4 other objects
DETAIL:  drop cascades to table _timescaledb_internal._hyper_1_1_chunk
drop cascades to table _timescaledb_internal._hyper_1_2_chunk
drop cascades to table _timescaledb_internal._hyper_1_3_chunk
drop cascades to table _timescaledb_internal._hyper_1_4_chunk
NOTICE:  index "1-two_Partitions_device_id_timeCustom_idx" does not exist, skipping
NOTICE:  index "2-two_Partitions_timeCustom_series_0_idx" does not exist, skipping
NOTICE:  index "3-two_Partitions_timeCustom_series_1_idx" does not exist, skipping
NOTICE:  index "4-two_Partitions_timeCustom_series_2_idx" does not exist, skipping
NOTICE:  index "5-two_Partitions_timeCustom_series_bool_idx" does not exist, skipping
NOTICE:  index "6-two_Partitions_timeCustom_device_id_idx" does not exist, skipping
NOTICE:  index "7-two_Partitions_timeCustom_idx" does not exist, skipping
NOTICE:  index "10-two_Partitions_timeCustom_series_1_idx" does not exist, skipping
NOTICE:  index "11-two_Partitions_timeCustom_series_2_idx" does not exist, skipping
NOTICE:  index "12-two_Partitions_timeCustom_series_bool_idx" does not exist, skipping
NOTICE:  index "13-two_Partitions_timeCustom_device_id_idx" does not exist, skipping
NOTICE:  index "14-two_Partitions_timeCustom_idx" does not exist, skipping
NOTICE:  index "8-two_Partitions_device_id_timeCustom_idx" does not exist, skipping
NOTICE:  index "9-two_Partitions_timeCustom_series_0_idx" does not exist, skipping
NOTICE:  index "15-two_Partitions_device_id_timeCustom_idx" does not exist, skipping
NOTICE:  index "16-two_Partitions_timeCustom_series_0_idx" does not exist, skipping
NOTICE:  index "17-two_Partitions_timeCustom_series_1_idx" does not exist, skipping
NOTICE:  index "18-two_Partitions_timeCustom_series_2_idx" does not exist, skipping
NOTICE:  index "19-two_Partitions_timeCustom_series_bool_idx" does not exist, skipping
NOTICE:  index "20-two_Partitions_timeCustom_device_id_idx" does not exist, skipping
NOTICE:  index "21-two_Partitions_timeCustom_idx" does not exist, skipping
NOTICE:  index "22-two_Partitions_device_id_timeCustom_idx" does not exist, skipping
NOTICE:  index "23-two_Partitions_timeCustom_series_0_idx" does not exist, skipping
NOTICE:  index "24-two_Partitions_timeCustom_series_1_idx" does not exist, skipping
NOTICE:  index "25-two_Partitions_timeCustom_series_2_idx" does not exist, skipping
NOTICE:  index "26-two_Partitions_timeCustom_series_bool_idx" does not exist, skipping
NOTICE:  index "27-two_Partitions_timeCustom_device_id_idx" does not exist, skipping
NOTICE:  index "28-two_Partitions_timeCustom_idx" does not exist, skipping
SELECT * FROM _timescaledb_catalog.hypertable;
 id | schema_name | table_name | associated_schema_name | associated_table_prefix | num_dimensions 
----+-------------+------------+------------------------+-------------------------+----------------
(0 rows)

\dt  "public".*
          List of relations
 Schema |  Name   | Type  |  Owner   
--------+---------+-------+----------
 public | newname | table | postgres
(1 row)

\dt  "_timescaledb_catalog".*
                      List of relations
        Schema        |        Name        | Type  |  Owner   
----------------------+--------------------+-------+----------
 _timescaledb_catalog | chunk              | table | postgres
 _timescaledb_catalog | chunk_constraint   | table | postgres
 _timescaledb_catalog | chunk_index        | table | postgres
 _timescaledb_catalog | chunk_trigger      | table | postgres
 _timescaledb_catalog | dimension          | table | postgres
 _timescaledb_catalog | dimension_slice    | table | postgres
 _timescaledb_catalog | hypertable         | table | postgres
 _timescaledb_catalog | hypertable_index   | table | postgres
 _timescaledb_catalog | hypertable_trigger | table | postgres
 _timescaledb_catalog | tablespace         | table | postgres
(10 rows)

\dt+ "_timescaledb_internal".*
                 List of relations
 Schema | Name | Type | Owner | Size | Description 
--------+------+------+-------+------+-------------
(0 rows)

